[15:29:28.111][INFO][CraftTweaker-EarlyInit]: CraftTweaker is running on a Minecraft 1.20.1 production client modded with platform Forge
[15:29:28.166][INFO][CraftTweaker-EarlyInit]: Successfully injected RecipeFS file system
[15:29:28.326][INFO][CraftTweaker-Plugins]: Successfully identified and loaded plugin crafttweaker:builtin
[15:29:28.332][INFO][CraftTweaker-Plugins]: Successfully identified and loaded plugin crafttweaker:builtin_forge
[15:29:29.007][INFO][CraftTweaker]: The following mods have explicit CraftTweaker support through the default plugin:
[15:29:29.008][INFO][CraftTweaker]: - 'crafttweaker' at version '14.0.59'
[15:29:33.575][INFO][CraftTweaker-ZenCode]: Started loading scripts for loader 'initialize'
[15:29:35.120][INFO][CraftTweaker-ZenCode]: Compiling and executing scripts
[15:29:35.266][INFO][CraftTweaker-ZenCode]: Successfully initialized modules [crafttweaker, expansions]
[15:29:35.688][INFO][CraftTweaker-ZenCode]: Execution for loader 'initialize' completed successfully
[15:30:18.435][INFO][CraftTweaker-ZenCode]: Started loading scripts for loader 'tags'
[15:30:18.449][INFO][CraftTweaker-ZenCode]: Compiling and executing scripts
[15:30:18.494][INFO][CraftTweaker-ZenCode]: Successfully initialized modules [crafttweaker, expansions]
[15:30:18.514][INFO][CraftTweaker-ZenCode]: Execution for loader 'tags' completed successfully
[15:30:18.906][INFO][CraftTweaker]: CraftTweaker reload starting!
[15:30:18.909][INFO][CraftTweaker-ZenCode]: Started loading scripts for loader 'crafttweaker'
[15:30:18.922][INFO][CraftTweaker-ZenCode]: Compiling and executing scripts
[15:30:19.577][INFO][CraftTweaker-ZenCode]: Successfully initialized modules [crafttweaker, expansions]
[15:30:19.585][INFO][CraftTweaker-ZenCode]: Execution for loader 'crafttweaker' completed successfully
[15:30:19.592][INFO][CraftTweaker]: CraftTweaker reload complete!
